[ 2025-01-26 18:43:23,535 ] 1025 httpx - INFO - HTTP Request: GET https://dagshub.com/api/v1/user "HTTP/1.1 200 OK"
[ 2025-01-26 18:43:23,535 ] 107 dagshub - INFO - Accessing as akashagalaveaaa1
[ 2025-01-26 18:43:24,050 ] 1025 httpx - INFO - HTTP Request: GET https://dagshub.com/api/v1/repos/akashagalaveaaa1/Network-Security "HTTP/1.1 200 OK"
[ 2025-01-26 18:43:24,526 ] 1025 httpx - INFO - HTTP Request: GET https://dagshub.com/api/v1/user "HTTP/1.1 200 OK"
[ 2025-01-26 18:43:24,526 ] 107 dagshub - INFO - Initialized MLflow to track repo "akashagalaveaaa1/Network-Security"
[ 2025-01-26 18:43:24,526 ] 107 dagshub - INFO - Repository akashagalaveaaa1/Network-Security initialized!
[ 2025-01-26 18:43:32,482 ] 42 root - INFO - Start data Ingestion
[ 2025-01-26 18:43:36,390 ] 65 root - INFO - Performed train test split on the dataframe
[ 2025-01-26 18:43:36,390 ] 66 root - INFO - Exited split_data_as_train_test method of Data_Ingestion class
[ 2025-01-26 18:43:36,391 ] 74 root - INFO - Exporting train and test file path.
[ 2025-01-26 18:43:36,516 ] 83 root - INFO - Exported train and test file path.
[ 2025-01-26 18:43:36,518 ] 45 root - INFO - Data Ingestion completed and artifact: DataIngestionArtifact(trained_file_path='Artifacts\\01_26_2025_18_43_18\\data_ingestion\\ingested\\train.csv', test_file_path='Artifacts\\01_26_2025_18_43_18\\data_ingestion\\ingested\\test.csv')
[ 2025-01-26 18:43:36,547 ] 55 root - INFO - Initiate the data Validation
[ 2025-01-26 18:43:36,652 ] 32 root - INFO - Required number of columns:2
[ 2025-01-26 18:43:36,652 ] 33 root - INFO - Data frame has columns:31
[ 2025-01-26 18:43:36,652 ] 32 root - INFO - Required number of columns:2
[ 2025-01-26 18:43:36,653 ] 33 root - INFO - Data frame has columns:31
[ 2025-01-26 18:43:36,988 ] 63 root - INFO - Entered initiate_data_transformation method of DataTransformation class
[ 2025-01-26 18:43:36,988 ] 65 root - INFO - Starting data transformation
[ 2025-01-26 18:43:37,029 ] 48 root - INFO - Entered get_data_trnasformer_object method of Trnasformation class
[ 2025-01-26 18:43:37,029 ] 53 root - INFO - Initialise KNNImputer with {'missing_values': nan, 'n_neighbors': 3, 'weights': 'uniform'}
[ 2025-01-26 18:43:37,073 ] 46 root - INFO - Entered the save_object method of MainUtils class
[ 2025-01-26 18:43:37,086 ] 50 root - INFO - Exited the save_object method of MainUtils class
[ 2025-01-26 18:43:37,086 ] 46 root - INFO - Entered the save_object method of MainUtils class
[ 2025-01-26 18:43:37,100 ] 50 root - INFO - Exited the save_object method of MainUtils class
[ 2025-01-26 18:52:03,906 ] 46 root - INFO - Entered the save_object method of MainUtils class
[ 2025-01-26 18:52:03,983 ] 50 root - INFO - Exited the save_object method of MainUtils class
[ 2025-01-26 18:52:03,983 ] 46 root - INFO - Entered the save_object method of MainUtils class
[ 2025-01-26 18:52:04,019 ] 50 root - INFO - Exited the save_object method of MainUtils class
