[ 2025-01-24 23:16:38,103 ] 1025 httpx - INFO - HTTP Request: GET https://dagshub.com/api/v1/user "HTTP/1.1 200 OK"
[ 2025-01-24 23:16:38,104 ] 107 dagshub - INFO - Accessing as akashagalaveaaa1
[ 2025-01-24 23:16:38,603 ] 1025 httpx - INFO - HTTP Request: GET https://dagshub.com/api/v1/repos/akashagalaveaaa1/Network-Security "HTTP/1.1 200 OK"
[ 2025-01-24 23:16:39,099 ] 1025 httpx - INFO - HTTP Request: GET https://dagshub.com/api/v1/user "HTTP/1.1 200 OK"
[ 2025-01-24 23:16:39,099 ] 107 dagshub - INFO - Initialized MLflow to track repo "akashagalaveaaa1/Network-Security"
[ 2025-01-24 23:16:39,099 ] 107 dagshub - INFO - Repository akashagalaveaaa1/Network-Security initialized!
[ 2025-01-24 23:16:45,270 ] 42 root - INFO - Start data Ingestion
[ 2025-01-24 23:16:48,871 ] 65 root - INFO - Performed train test split on the dataframe
[ 2025-01-24 23:16:48,871 ] 66 root - INFO - Exited split_data_as_train_test method of Data_Ingestion class
[ 2025-01-24 23:16:48,881 ] 74 root - INFO - Exporting train and test file path.
[ 2025-01-24 23:16:48,976 ] 83 root - INFO - Exported train and test file path.
[ 2025-01-24 23:16:48,976 ] 45 root - INFO - Data Ingestion completed and artifact: DataIngestionArtifact(trained_file_path='Artifacts\\01_24_2025_23_16_32\\data_ingestion\\ingested\\train.csv', test_file_path='Artifacts\\01_24_2025_23_16_32\\data_ingestion\\ingested\\test.csv')
[ 2025-01-24 23:16:49,008 ] 55 root - INFO - Initiate the data Validation
[ 2025-01-24 23:16:49,123 ] 32 root - INFO - Required number of columns:2
[ 2025-01-24 23:16:49,123 ] 33 root - INFO - Data frame has columns:31
[ 2025-01-24 23:16:49,123 ] 32 root - INFO - Required number of columns:2
[ 2025-01-24 23:16:49,123 ] 33 root - INFO - Data frame has columns:31
[ 2025-01-24 23:16:49,387 ] 63 root - INFO - Entered initiate_data_transformation method of DataTransformation class
[ 2025-01-24 23:16:49,387 ] 65 root - INFO - Starting data transformation
[ 2025-01-24 23:16:49,418 ] 48 root - INFO - Entered get_data_trnasformer_object method of Trnasformation class
[ 2025-01-24 23:16:49,418 ] 53 root - INFO - Initialise KNNImputer with {'missing_values': nan, 'n_neighbors': 3, 'weights': 'uniform'}
[ 2025-01-24 23:16:49,457 ] 46 root - INFO - Entered the save_object method of MainUtils class
[ 2025-01-24 23:16:49,457 ] 50 root - INFO - Exited the save_object method of MainUtils class
[ 2025-01-24 23:16:49,457 ] 46 root - INFO - Entered the save_object method of MainUtils class
[ 2025-01-24 23:16:49,470 ] 50 root - INFO - Exited the save_object method of MainUtils class
[ 2025-01-24 23:22:53,082 ] 46 root - INFO - Entered the save_object method of MainUtils class
[ 2025-01-24 23:22:53,138 ] 50 root - INFO - Exited the save_object method of MainUtils class
[ 2025-01-24 23:22:53,138 ] 46 root - INFO - Entered the save_object method of MainUtils class
[ 2025-01-24 23:22:53,186 ] 50 root - INFO - Exited the save_object method of MainUtils class
