[ 2025-01-24 15:48:13,021 ] 1025 httpx - INFO - HTTP Request: GET https://dagshub.com/api/v1/user "HTTP/1.1 200 OK"
[ 2025-01-24 15:48:13,027 ] 107 dagshub - INFO - Accessing as akashagalaveaaa1
[ 2025-01-24 15:48:13,648 ] 1025 httpx - INFO - HTTP Request: GET https://dagshub.com/api/v1/repos/akashagalaveaaa1/Network-Security "HTTP/1.1 200 OK"
[ 2025-01-24 15:48:14,160 ] 1025 httpx - INFO - HTTP Request: GET https://dagshub.com/api/v1/user "HTTP/1.1 200 OK"
[ 2025-01-24 15:48:14,160 ] 107 dagshub - INFO - Initialized MLflow to track repo "akashagalaveaaa1/Network-Security"
[ 2025-01-24 15:48:14,160 ] 107 dagshub - INFO - Repository akashagalaveaaa1/Network-Security initialized!
[ 2025-01-24 15:48:21,917 ] 42 root - INFO - Start data Ingestion
[ 2025-01-24 15:48:24,644 ] 65 root - INFO - Performed train test split on the dataframe
[ 2025-01-24 15:48:24,644 ] 66 root - INFO - Exited split_data_as_train_test method of Data_Ingestion class
[ 2025-01-24 15:48:24,644 ] 74 root - INFO - Exporting train and test file path.
[ 2025-01-24 15:48:24,728 ] 83 root - INFO - Exported train and test file path.
[ 2025-01-24 15:48:24,728 ] 45 root - INFO - Data Ingestion completed and artifact: DataIngestionArtifact(trained_file_path='Artifacts\\01_24_2025_15_48_05\\data_ingestion\\ingested\\train.csv', test_file_path='Artifacts\\01_24_2025_15_48_05\\data_ingestion\\ingested\\test.csv')
[ 2025-01-24 15:48:24,728 ] 55 root - INFO - Initiate the data Validation
[ 2025-01-24 15:48:24,811 ] 32 root - INFO - Required number of columns:2
[ 2025-01-24 15:48:24,811 ] 33 root - INFO - Data frame has columns:31
[ 2025-01-24 15:48:24,811 ] 32 root - INFO - Required number of columns:2
[ 2025-01-24 15:48:24,811 ] 33 root - INFO - Data frame has columns:31
[ 2025-01-24 15:48:25,028 ] 63 root - INFO - Entered initiate_data_transformation method of DataTransformation class
[ 2025-01-24 15:48:25,028 ] 65 root - INFO - Starting data transformation
[ 2025-01-24 15:48:25,061 ] 48 root - INFO - Entered get_data_trnasformer_object method of Trnasformation class
[ 2025-01-24 15:48:25,061 ] 53 root - INFO - Initialise KNNImputer with {'missing_values': nan, 'n_neighbors': 3, 'weights': 'uniform'}
[ 2025-01-24 15:48:25,082 ] 46 root - INFO - Entered the save_object method of MainUtils class
[ 2025-01-24 15:48:25,082 ] 50 root - INFO - Exited the save_object method of MainUtils class
[ 2025-01-24 15:48:25,082 ] 46 root - INFO - Entered the save_object method of MainUtils class
[ 2025-01-24 15:48:25,095 ] 50 root - INFO - Exited the save_object method of MainUtils class
[ 2025-01-24 15:54:19,412 ] 46 root - INFO - Entered the save_object method of MainUtils class
[ 2025-01-24 15:54:19,478 ] 50 root - INFO - Exited the save_object method of MainUtils class
[ 2025-01-24 15:54:19,478 ] 46 root - INFO - Entered the save_object method of MainUtils class
[ 2025-01-24 15:54:19,531 ] 50 root - INFO - Exited the save_object method of MainUtils class
